--------------------------------------------------------------------------------
Release 14.7 Trace  (nt64)
Copyright (c) 1995-2013 Xilinx, Inc.  All rights reserved.

C:\Xilinx\14.7\ISE_DS\ISE\bin\nt64\unwrapped\trce.exe -intstyle ise -v 3 -s 3
-n 3 -fastpaths -xml cpu_checker.twx cpu_checker.ncd -o cpu_checker.twr
cpu_checker.pcf

Design file:              cpu_checker.ncd
Physical constraint file: cpu_checker.pcf
Device,package,speed:     xa6slx4,csg225,I,-3 (PRODUCTION 1.23 2013-10-13)
Report level:             verbose report

Environment Variable      Effect 
--------------------      ------ 
NONE                      No environment variables were set
--------------------------------------------------------------------------------

INFO:Timing:2698 - No timing constraints found, doing default enumeration.
INFO:Timing:3412 - To improve timing, see the Timing Closure User Guide (UG612).
INFO:Timing:2752 - To get complete path coverage, use the unconstrained paths 
   option. All paths that are not constrained will be reported in the 
   unconstrained paths section(s) of the report.
INFO:Timing:3339 - The clock-to-out numbers in this timing report are based on 
   a 50 Ohm transmission line loading model.  For the details of this model, 
   and for more information on accounting for different loading conditions, 
   please see the device datasheet.



Data Sheet report:
-----------------
All values displayed in nanoseconds (ns)

Setup/Hold to clock clk
------------+------------+------------+------------+------------+------------------+--------+
            |Max Setup to|  Process   |Max Hold to |  Process   |                  | Clock  |
Source      | clk (edge) |   Corner   | clk (edge) |   Corner   |Internal Clock(s) | Phase  |
------------+------------+------------+------------+------------+------------------+--------+
char<0>     |    7.005(R)|      SLOW  |   -1.212(R)|      FAST  |clk_BUFGP         |   0.000|
char<1>     |    7.631(R)|      SLOW  |   -1.006(R)|      FAST  |clk_BUFGP         |   0.000|
char<2>     |    7.599(R)|      SLOW  |   -0.908(R)|      FAST  |clk_BUFGP         |   0.000|
char<3>     |    7.521(R)|      SLOW  |   -1.422(R)|      FAST  |clk_BUFGP         |   0.000|
char<4>     |    7.461(R)|      SLOW  |   -1.068(R)|      FAST  |clk_BUFGP         |   0.000|
char<5>     |    7.671(R)|      SLOW  |   -0.983(R)|      FAST  |clk_BUFGP         |   0.000|
char<6>     |    7.744(R)|      SLOW  |   -1.152(R)|      FAST  |clk_BUFGP         |   0.000|
char<7>     |    7.708(R)|      SLOW  |   -0.928(R)|      FAST  |clk_BUFGP         |   0.000|
reset       |    3.392(R)|      SLOW  |   -0.031(R)|      SLOW  |clk_BUFGP         |   0.000|
------------+------------+------------+------------+------------+------------------+--------+

Clock clk to Pad
--------------+-----------------+------------+-----------------+------------+------------------+--------+
              |Max (slowest) clk|  Process   |Min (fastest) clk|  Process   |                  | Clock  |
Destination   |  (edge) to PAD  |   Corner   |  (edge) to PAD  |   Corner   |Internal Clock(s) | Phase  |
--------------+-----------------+------------+-----------------+------------+------------------+--------+
format_type<0>|         9.403(R)|      SLOW  |         4.490(R)|      FAST  |clk_BUFGP         |   0.000|
format_type<1>|         9.210(R)|      SLOW  |         4.431(R)|      FAST  |clk_BUFGP         |   0.000|
--------------+-----------------+------------+-----------------+------------+------------------+--------+

Clock to Setup on destination clock clk
---------------+---------+---------+---------+---------+
               | Src:Rise| Src:Fall| Src:Rise| Src:Fall|
Source Clock   |Dest:Rise|Dest:Rise|Dest:Fall|Dest:Fall|
---------------+---------+---------+---------+---------+
clk            |    5.394|         |         |         |
---------------+---------+---------+---------+---------+


Analysis completed Fri Sep 16 20:09:18 2022 
--------------------------------------------------------------------------------

Trace Settings:
-------------------------
Trace Settings 

Peak Memory Usage: 4554 MB



